// Vitest Snapshot v1, https://vitest.dev/guide/snapshot.html

exports[`renders the Text block 1`] = `
{
  "activate": true,
  "category": "Generic blocks",
  "content": "<mj-text>Insert text here...</mj-text>",
  "label": "Text",
  "media": "
<svg
  class="lucide lucide-text"
  xmlns="http://www.w3.org/2000/svg"
  width="24"
  height="24"
  viewBox="0 0 24 24"
  fill="none"
  stroke="currentColor"
  stroke-width="2"
  stroke-linecap="round"
  stroke-linejoin="round"
>
  <path d="M17 6.1H3" />
  <path d="M21 12.1H3" />
  <path d="M15.1 18H3" />
</svg>
",
}
`;
